========================================================================
 LAB-REQ-01 HTTP ORIGIN / INTERMEDIARY TRACE
========================================================================
Overall Status : ALL_STEPS_PASSED
curl binary    : /usr/bin/curl
curl version   : curl 8.5.0 (x86_64-pc-linux-gnu) libcurl/8.5.0 OpenSSL/3.0.13 zlib/1.3 brotli/1.1.0 zstd/1.5.5 libidn2/2.3.7 libpsl/0.21.2 (+libidn2/2.3.7) libssh/0.10.6/openssl/zlib nghttp2/1.59.0 librtmp/2.3 OpenLDAP/2.6.10
Origin Port    : 46247
Proxy Port     : 41035
------------------------------------------------------------------------
step_1_direct_origin
  Command      : /usr/bin/curl -sS -v -i --http1.1 --max-time 5 http://127.0.0.1:46247/resource
  Status Code  : 200
  Via          : None
  Body Bytes   : 96
  curl -v trace:
    *   Trying 127.0.0.1:46247...
    * Connected to 127.0.0.1 (127.0.0.1) port 46247
    > GET /resource HTTP/1.1
    > Host: 127.0.0.1:46247
    > User-Agent: curl/8.5.0
    > Accept: */*
    > 
    < HTTP/1.1 200 OK
    < Server: BaseHTTP/0.6 Python/3.12.3
    < Date: Sat, 12 Sep 2026 04:50:01 GMT
    < Content-Type: application/json
    < Content-Length: 96
    < ETag: "strong-v1"
    < Cache-Control: max-age=60, must-revalidate
    < Connection: close
    < 
    { [96 bytes data]
    * Closing connection
------------------------------------------------------------------------
step_2_proxy_forward
  Command      : /usr/bin/curl -sS -v -i --http1.1 --max-time 5 http://127.0.0.1:41035/resource
  Status Code  : 200
  Via          : 1.1 essential-cs-intermediary
  Body Bytes   : 96
  curl -v trace:
    *   Trying 127.0.0.1:41035...
    * Connected to 127.0.0.1 (127.0.0.1) port 41035
    > GET /resource HTTP/1.1
    > Host: 127.0.0.1:41035
    > User-Agent: curl/8.5.0
    > Accept: */*
    > 
    < HTTP/1.1 200 OK
    < Server: BaseHTTP/0.6 Python/3.12.3
    < Date: Sat, 12 Sep 2026 04:50:01 GMT
    < Content-Type: application/json
    < Content-Length: 96
    < ETag: "strong-v1"
    < Cache-Control: max-age=60, must-revalidate
    < Via: 1.1 essential-cs-intermediary
    < Connection: close
    < 
    { [96 bytes data]
    * Closing connection
------------------------------------------------------------------------
step_3_conditional_304
  Command      : /usr/bin/curl -sS -v -i --http1.1 --max-time 5 -H 'If-None-Match: "strong-v1"' http://127.0.0.1:41035/resource
  Status Code  : 304
  Via          : 1.1 essential-cs-intermediary
  Body Bytes   : 0
  curl -v trace:
    *   Trying 127.0.0.1:41035...
    * Connected to 127.0.0.1 (127.0.0.1) port 41035
    > GET /resource HTTP/1.1
    > Host: 127.0.0.1:41035
    > User-Agent: curl/8.5.0
    > Accept: */*
    > If-None-Match: "strong-v1"
    > 
    < HTTP/1.1 304 Not Modified
    < Server: BaseHTTP/0.6 Python/3.12.3
    < Date: Sat, 12 Sep 2026 04:50:01 GMT
    < ETag: "strong-v1"
    < Cache-Control: max-age=60, must-revalidate
    < Via: 1.1 essential-cs-intermediary
    < Connection: close
    < 
    * Closing connection
------------------------------------------------------------------------
step_4_upstream_failure_502
  Command      : /usr/bin/curl -sS -v -i --http1.1 --max-time 5 http://127.0.0.1:41035/resource
  Status Code  : 502
  Via          : 1.1 essential-cs-intermediary
  Body Bytes   : 146
  curl -v trace:
    *   Trying 127.0.0.1:41035...
    * Connected to 127.0.0.1 (127.0.0.1) port 41035
    > GET /resource HTTP/1.1
    > Host: 127.0.0.1:41035
    > User-Agent: curl/8.5.0
    > Accept: */*
    > 
    < HTTP/1.1 502 Bad Gateway
    < Server: BaseHTTP/0.6 Python/3.12.3
    < Date: Sat, 12 Sep 2026 04:50:01 GMT
    < Content-Type: application/json
    < Content-Length: 146
    < Via: 1.1 essential-cs-intermediary
    < Connection: close
    < 
    { [146 bytes data]
    * Closing connection
------------------------------------------------------------------------
Cleanup       : reaped=True old_endpoints_closed=True
========================================================================
