........
----------------------------------------------------------------------
Ran 8 tests in 0.081s

OK
reset.ok input=baseline state=baseline
reset.ok input=baseline state=baseline
reset.ok input=baseline state=baseline
reset.ok input=baseline state=baseline
reset.ok input=baseline state=baseline
reset.ok input=baseline state=baseline
reset.ok input=baseline state=baseline
changed.field=text old='A中' new='A文'
reset.ok input=baseline state=baseline
reset.ok input=baseline state=baseline
reset.ok input=baseline state=baseline
reset.ok input=baseline state=baseline
reset.ok input=baseline state=baseline
reset.ok input=baseline state=baseline
reset.ok input=baseline state=baseline
reset.ok input=baseline state=baseline
reset.ok input=baseline state=baseline
reset.ok input=baseline state=baseline
SUITE_PASS labs/foundations/m00-m01
.........
----------------------------------------------------------------------
Ran 9 tests in 0.004s

OK
SUITE_PASS labs/foundations/m02
.........
----------------------------------------------------------------------
Ran 9 tests in 0.039s

OK
SUITE_PASS labs/foundations/m05
.......
----------------------------------------------------------------------
Ran 7 tests in 1.097s

OK
SUITE_PASS labs/foundations/m06
....
----------------------------------------------------------------------
Ran 4 tests in 0.128s

OK
SUITE_PASS labs/foundations/m07
............
----------------------------------------------------------------------
Ran 12 tests in 0.054s

OK
=== Resetting M08 Lab Workspace: /work/labs/foundations/m08 ===
  [x] Removed __pycache__/
Cleanup complete. Total artifacts removed: 1
SUITE_PASS labs/foundations/m08
................
----------------------------------------------------------------------
Ran 16 tests in 0.071s

OK
=== Resetting M09 Lab Workspace: /work/labs/foundations/m09 ===
  [x] Removed __pycache__/
Cleanup complete. Total artifacts removed: 1
SUITE_PASS labs/foundations/m09
..........
----------------------------------------------------------------------
Ran 10 tests in 0.643s

OK
SUITE_PASS labs/foundations/m10
....
----------------------------------------------------------------------
Ran 4 tests in 0.535s

OK
SUITE_PASS labs/foundations/m11
......
----------------------------------------------------------------------
Ran 6 tests in 1.635s

OK
SUITE_PASS labs/foundations/m12
....
----------------------------------------------------------------------
Ran 4 tests in 0.021s

OK
SUITE_PASS labs/foundations/m13
.....
----------------------------------------------------------------------
Ran 5 tests in 0.018s

OK
SUITE_PASS labs/foundations/m14
....
----------------------------------------------------------------------
Ran 4 tests in 1.873s

OK
SUITE_PASS labs/foundations/m15
.....
----------------------------------------------------------------------
Ran 5 tests in 2.384s

OK
SUITE_PASS labs/foundations/m16
...............
----------------------------------------------------------------------
Ran 15 tests in 0.002s

OK
[RESET] M17 course-owned scratch is clean.
[RESET] M17 course-owned scratch is clean.
SUITE_PASS labs/foundations/m17
..............
----------------------------------------------------------------------
Ran 14 tests in 0.039s

OK
SUITE_PASS labs/foundations/m18
....................
----------------------------------------------------------------------
Ran 20 tests in 0.011s

OK
SUITE_PASS labs/foundations/m19
....................................
----------------------------------------------------------------------
Ran 36 tests in 11.022s

OK
SUITE_PASS labs/foundations/m20
...............
----------------------------------------------------------------------
Ran 15 tests in 0.012s

OK
SUITE_PASS labs/foundations/m21
....................
----------------------------------------------------------------------
Ran 20 tests in 0.539s

OK
SUITE_PASS labs/foundations/m22
.......................
----------------------------------------------------------------------
Ran 23 tests in 0.003s

OK
SUITE_PASS labs/foundations/m23
.......................
----------------------------------------------------------------------
Ran 23 tests in 0.017s

OK
SUITE_PASS labs/foundations/m24
......
----------------------------------------------------------------------
Ran 6 tests in 1.140s

OK
SUITE_PASS labs/lab_req_01
........
----------------------------------------------------------------------
Ran 8 tests in 4.155s

OK
SUITE_PASS labs/lab_req_03
......
----------------------------------------------------------------------
Ran 6 tests in 0.018s

OK
SUITE_PASS labs/lab_req_04
.......
----------------------------------------------------------------------
Ran 7 tests in 0.059s

OK
SUITE_PASS labs/lab_req_05
..........
----------------------------------------------------------------------
Ran 10 tests in 0.553s

OK
