=== LAB-REQ-02 xv6 Syscall Preflight ===
[+] git: git version 2.43.0
[+] make: GNU Make 4.3
[+] python3: Python 3.12.3
[+] perl: 
[+] bc: bc 1.07.1
[+] RISC-V GCC: riscv64-linux-gnu-gcc (Ubuntu 13.3.0-6ubuntu2~24.04.1) 13.3.0
[+] RISC-V objdump: GNU objdump (GNU Binutils for Ubuntu) 2.42
[+] QEMU RISC-V: QEMU emulator version 8.2.2 (Debian 1:8.2.2+ds-0ubuntu1.18)
----------------------------------------
STATUS: PASS — Required LAB-REQ-02 build/smoke capabilities are present.
NOTE: PASS means capability-present, not that xv6 build/QEMU execution has already succeeded.
=== LAB-REQ-02 Setup ===
[*] Cloning official xv6-riscv repository...
Cloning into '/work/labs/lab-req-02-xv6-syscall/worktree'...
[*] Checking out pinned commit 35b088427ef37611c38afdeed5a52a278cae38f9...
HEAD is now at 35b0884 test for nlink overflow
[+] Pinned xv6 worktree: 35b088427ef37611c38afdeed5a52a278cae38f9
[+] Canonical origin: https://github.com/mit-pdos/xv6-riscv.git
[+] xv6 software license file present: /work/labs/lab-req-02-xv6-syscall/worktree/LICENSE
=== Setup Complete ===
=== Verifying pinned xv6 syscall route in: worktree ===
[+] Pin: HEAD == 35b088427ef37611c38afdeed5a52a278cae38f9
[+] syscall number: SYS_pause == 13
[+] dispatcher: [SYS_pause] -> sys_pause
[+] kernel implementation: sys_pause(void)
[+] user declaration: int pause(int);
[+] stub generator: pause entry -> a7 syscall number -> ecall -> ret
[+] trap: U-mode ecall scause 8 -> syscall()
[+] trampoline: uservec entry present
[*] learner user/sleep.c not present yet; upstream route still checked
STATUS: PASS — Exact pin and current pause/sys_pause route verified.
=== LAB-REQ-02 Smoke Test ===
[+] Step 1: Build kernel, filesystem image, and user/_sleep...
gcc -Wno-unknown-attributes -I. -o mkfs/mkfs mkfs/mkfs.c
riscv64-unknown-elf-gcc -Wall -Werror -Wno-unknown-attributes -O -fno-omit-frame-pointer -ggdb -gdwarf-2 -ffile-prefix-map=/work/labs/lab-req-02-xv6-syscall/worktree=. -march=rv64gc -std=gnu99 -MD -mcmodel=medany -ffreestanding -fno-common -nostdlib -fno-builtin-strncpy -fno-builtin-strncmp -fno-builtin-strlen -fno-builtin-memset -fno-builtin-memmove -fno-builtin-memcmp -fno-builtin-log -fno-builtin-bzero -fno-builtin-strchr -fno-builtin-exit -fno-builtin-malloc -fno-builtin-putc -fno-builtin-free -fno-builtin-memcpy -Wno-main -fno-builtin-printf -fno-builtin-fprintf -fno-builtin-vprintf -I. -fno-stack-protector -fno-pie -no-pie   -c -o user/ulib.o user/ulib.c
perl user/usys.pl > user/usys.S
riscv64-unknown-elf-gcc -Wall -Werror -Wno-unknown-attributes -O -fno-omit-frame-pointer -ggdb -gdwarf-2 -ffile-prefix-map=/work/labs/lab-req-02-xv6-syscall/worktree=. -march=rv64gc -std=gnu99 -MD -mcmodel=medany -ffreestanding -fno-common -nostdlib -fno-builtin-strncpy -fno-builtin-strncmp -fno-builtin-strlen -fno-builtin-memset -fno-builtin-memmove -fno-builtin-memcmp -fno-builtin-log -fno-builtin-bzero -fno-builtin-strchr -fno-builtin-exit -fno-builtin-malloc -fno-builtin-putc -fno-builtin-free -fno-builtin-memcpy -Wno-main -fno-builtin-printf -fno-builtin-fprintf -fno-builtin-vprintf -I. -fno-stack-protector -fno-pie -no-pie -c -o user/usys.o user/usys.S
riscv64-unknown-elf-gcc -Wall -Werror -Wno-unknown-attributes -O -fno-omit-frame-pointer -ggdb -gdwarf-2 -ffile-prefix-map=/work/labs/lab-req-02-xv6-syscall/worktree=. -march=rv64gc -std=gnu99 -MD -mcmodel=medany -ffreestanding -fno-common -nostdlib -fno-builtin-strncpy -fno-builtin-strncmp -fno-builtin-strlen -fno-builtin-memset -fno-builtin-memmove -fno-builtin-memcmp -fno-builtin-log -fno-builtin-bzero -fno-builtin-strchr -fno-builtin-exit -fno-builtin-malloc -fno-builtin-putc -fno-builtin-free -fno-builtin-memcpy -Wno-main -fno-builtin-printf -fno-builtin-fprintf -fno-builtin-vprintf -I. -fno-stack-protector -fno-pie -no-pie   -c -o user/printf.o user/printf.c
riscv64-unknown-elf-gcc -Wall -Werror -Wno-unknown-attributes -O -fno-omit-frame-pointer -ggdb -gdwarf-2 -ffile-prefix-map=/work/labs/lab-req-02-xv6-syscall/worktree=. -march=rv64gc -std=gnu99 -MD -mcmodel=medany -ffreestanding -fno-common -nostdlib -fno-builtin-strncpy -fno-builtin-strncmp -fno-builtin-strlen -fno-builtin-memset -fno-builtin-memmove -fno-builtin-memcmp -fno-builtin-log -fno-builtin-bzero -fno-builtin-strchr -fno-builtin-exit -fno-builtin-malloc -fno-builtin-putc -fno-builtin-free -fno-builtin-memcpy -Wno-main -fno-builtin-printf -fno-builtin-fprintf -fno-builtin-vprintf -I. -fno-stack-protector -fno-pie -no-pie   -c -o user/umalloc.o user/umalloc.c
riscv64-unknown-elf-gcc -Wall -Werror -Wno-unknown-attributes -O -fno-omit-frame-pointer -ggdb -gdwarf-2 -ffile-prefix-map=/work/labs/lab-req-02-xv6-syscall/worktree=. -march=rv64gc -std=gnu99 -MD -mcmodel=medany -ffreestanding -fno-common -nostdlib -fno-builtin-strncpy -fno-builtin-strncmp -fno-builtin-strlen -fno-builtin-memset -fno-builtin-memmove -fno-builtin-memcmp -fno-builtin-log -fno-builtin-bzero -fno-builtin-strchr -fno-builtin-exit -fno-builtin-malloc -fno-builtin-putc -fno-builtin-free -fno-builtin-memcpy -Wno-main -fno-builtin-printf -fno-builtin-fprintf -fno-builtin-vprintf -I. -fno-stack-protector -fno-pie -no-pie   -c -o user/cat.o user/cat.c
riscv64-unknown-elf-ld -z max-page-size=4096 -T user/user.ld -o user/_cat user/cat.o user/ulib.o user/usys.o user/printf.o user/umalloc.o
riscv64-unknown-elf-objdump -S user/_cat > user/cat.asm
riscv64-unknown-elf-objdump -t user/_cat | sed '1,/SYMBOL TABLE/d; s/ .* / /; /^$/d' > user/cat.sym
riscv64-unknown-elf-gcc -Wall -Werror -Wno-unknown-attributes -O -fno-omit-frame-pointer -ggdb -gdwarf-2 -ffile-prefix-map=/work/labs/lab-req-02-xv6-syscall/worktree=. -march=rv64gc -std=gnu99 -MD -mcmodel=medany -ffreestanding -fno-common -nostdlib -fno-builtin-strncpy -fno-builtin-strncmp -fno-builtin-strlen -fno-builtin-memset -fno-builtin-memmove -fno-builtin-memcmp -fno-builtin-log -fno-builtin-bzero -fno-builtin-strchr -fno-builtin-exit -fno-builtin-malloc -fno-builtin-putc -fno-builtin-free -fno-builtin-memcpy -Wno-main -fno-builtin-printf -fno-builtin-fprintf -fno-builtin-vprintf -I. -fno-stack-protector -fno-pie -no-pie   -c -o user/echo.o user/echo.c
riscv64-unknown-elf-ld -z max-page-size=4096 -T user/user.ld -o user/_echo user/echo.o user/ulib.o user/usys.o user/printf.o user/umalloc.o
riscv64-unknown-elf-objdump -S user/_echo > user/echo.asm
riscv64-unknown-elf-objdump -t user/_echo | sed '1,/SYMBOL TABLE/d; s/ .* / /; /^$/d' > user/echo.sym
riscv64-unknown-elf-gcc -Wall -Werror -Wno-unknown-attributes -O -fno-omit-frame-pointer -ggdb -gdwarf-2 -ffile-prefix-map=/work/labs/lab-req-02-xv6-syscall/worktree=. -march=rv64gc -std=gnu99 -MD -mcmodel=medany -ffreestanding -fno-common -nostdlib -fno-builtin-strncpy -fno-builtin-strncmp -fno-builtin-strlen -fno-builtin-memset -fno-builtin-memmove -fno-builtin-memcmp -fno-builtin-log -fno-builtin-bzero -fno-builtin-strchr -fno-builtin-exit -fno-builtin-malloc -fno-builtin-putc -fno-builtin-free -fno-builtin-memcpy -Wno-main -fno-builtin-printf -fno-builtin-fprintf -fno-builtin-vprintf -I. -fno-stack-protector -fno-pie -no-pie   -c -o user/forktest.o user/forktest.c
# forktest has less library code linked in - needs to be small
# in order to be able to max out the proc table.
riscv64-unknown-elf-ld -z max-page-size=4096 -N -e main -Ttext 0 -o user/_forktest user/forktest.o user/ulib.o user/usys.o
riscv64-unknown-elf-ld: warning: user/_forktest has a LOAD segment with RWX permissions
riscv64-unknown-elf-objdump -S user/_forktest > user/forktest.asm
riscv64-unknown-elf-gcc -Wall -Werror -Wno-unknown-attributes -O -fno-omit-frame-pointer -ggdb -gdwarf-2 -ffile-prefix-map=/work/labs/lab-req-02-xv6-syscall/worktree=. -march=rv64gc -std=gnu99 -MD -mcmodel=medany -ffreestanding -fno-common -nostdlib -fno-builtin-strncpy -fno-builtin-strncmp -fno-builtin-strlen -fno-builtin-memset -fno-builtin-memmove -fno-builtin-memcmp -fno-builtin-log -fno-builtin-bzero -fno-builtin-strchr -fno-builtin-exit -fno-builtin-malloc -fno-builtin-putc -fno-builtin-free -fno-builtin-memcpy -Wno-main -fno-builtin-printf -fno-builtin-fprintf -fno-builtin-vprintf -I. -fno-stack-protector -fno-pie -no-pie   -c -o user/grep.o user/grep.c
riscv64-unknown-elf-ld -z max-page-size=4096 -T user/user.ld -o user/_grep user/grep.o user/ulib.o user/usys.o user/printf.o user/umalloc.o
riscv64-unknown-elf-objdump -S user/_grep > user/grep.asm
riscv64-unknown-elf-objdump -t user/_grep | sed '1,/SYMBOL TABLE/d; s/ .* / /; /^$/d' > user/grep.sym
riscv64-unknown-elf-gcc -Wall -Werror -Wno-unknown-attributes -O -fno-omit-frame-pointer -ggdb -gdwarf-2 -ffile-prefix-map=/work/labs/lab-req-02-xv6-syscall/worktree=. -march=rv64gc -std=gnu99 -MD -mcmodel=medany -ffreestanding -fno-common -nostdlib -fno-builtin-strncpy -fno-builtin-strncmp -fno-builtin-strlen -fno-builtin-memset -fno-builtin-memmove -fno-builtin-memcmp -fno-builtin-log -fno-builtin-bzero -fno-builtin-strchr -fno-builtin-exit -fno-builtin-malloc -fno-builtin-putc -fno-builtin-free -fno-builtin-memcpy -Wno-main -fno-builtin-printf -fno-builtin-fprintf -fno-builtin-vprintf -I. -fno-stack-protector -fno-pie -no-pie   -c -o user/init.o user/init.c
riscv64-unknown-elf-ld -z max-page-size=4096 -T user/user.ld -o user/_init user/init.o user/ulib.o user/usys.o user/printf.o user/umalloc.o
riscv64-unknown-elf-objdump -S user/_init > user/init.asm
riscv64-unknown-elf-objdump -t user/_init | sed '1,/SYMBOL TABLE/d; s/ .* / /; /^$/d' > user/init.sym
riscv64-unknown-elf-gcc -Wall -Werror -Wno-unknown-attributes -O -fno-omit-frame-pointer -ggdb -gdwarf-2 -ffile-prefix-map=/work/labs/lab-req-02-xv6-syscall/worktree=. -march=rv64gc -std=gnu99 -MD -mcmodel=medany -ffreestanding -fno-common -nostdlib -fno-builtin-strncpy -fno-builtin-strncmp -fno-builtin-strlen -fno-builtin-memset -fno-builtin-memmove -fno-builtin-memcmp -fno-builtin-log -fno-builtin-bzero -fno-builtin-strchr -fno-builtin-exit -fno-builtin-malloc -fno-builtin-putc -fno-builtin-free -fno-builtin-memcpy -Wno-main -fno-builtin-printf -fno-builtin-fprintf -fno-builtin-vprintf -I. -fno-stack-protector -fno-pie -no-pie   -c -o user/kill.o user/kill.c
riscv64-unknown-elf-ld -z max-page-size=4096 -T user/user.ld -o user/_kill user/kill.o user/ulib.o user/usys.o user/printf.o user/umalloc.o
riscv64-unknown-elf-objdump -S user/_kill > user/kill.asm
riscv64-unknown-elf-objdump -t user/_kill | sed '1,/SYMBOL TABLE/d; s/ .* / /; /^$/d' > user/kill.sym
riscv64-unknown-elf-gcc -Wall -Werror -Wno-unknown-attributes -O -fno-omit-frame-pointer -ggdb -gdwarf-2 -ffile-prefix-map=/work/labs/lab-req-02-xv6-syscall/worktree=. -march=rv64gc -std=gnu99 -MD -mcmodel=medany -ffreestanding -fno-common -nostdlib -fno-builtin-strncpy -fno-builtin-strncmp -fno-builtin-strlen -fno-builtin-memset -fno-builtin-memmove -fno-builtin-memcmp -fno-builtin-log -fno-builtin-bzero -fno-builtin-strchr -fno-builtin-exit -fno-builtin-malloc -fno-builtin-putc -fno-builtin-free -fno-builtin-memcpy -Wno-main -fno-builtin-printf -fno-builtin-fprintf -fno-builtin-vprintf -I. -fno-stack-protector -fno-pie -no-pie   -c -o user/ln.o user/ln.c
riscv64-unknown-elf-ld -z max-page-size=4096 -T user/user.ld -o user/_ln user/ln.o user/ulib.o user/usys.o user/printf.o user/umalloc.o
riscv64-unknown-elf-objdump -S user/_ln > user/ln.asm
riscv64-unknown-elf-objdump -t user/_ln | sed '1,/SYMBOL TABLE/d; s/ .* / /; /^$/d' > user/ln.sym
riscv64-unknown-elf-gcc -Wall -Werror -Wno-unknown-attributes -O -fno-omit-frame-pointer -ggdb -gdwarf-2 -ffile-prefix-map=/work/labs/lab-req-02-xv6-syscall/worktree=. -march=rv64gc -std=gnu99 -MD -mcmodel=medany -ffreestanding -fno-common -nostdlib -fno-builtin-strncpy -fno-builtin-strncmp -fno-builtin-strlen -fno-builtin-memset -fno-builtin-memmove -fno-builtin-memcmp -fno-builtin-log -fno-builtin-bzero -fno-builtin-strchr -fno-builtin-exit -fno-builtin-malloc -fno-builtin-putc -fno-builtin-free -fno-builtin-memcpy -Wno-main -fno-builtin-printf -fno-builtin-fprintf -fno-builtin-vprintf -I. -fno-stack-protector -fno-pie -no-pie   -c -o user/ls.o user/ls.c
riscv64-unknown-elf-ld -z max-page-size=4096 -T user/user.ld -o user/_ls user/ls.o user/ulib.o user/usys.o user/printf.o user/umalloc.o
riscv64-unknown-elf-objdump -S user/_ls > user/ls.asm
riscv64-unknown-elf-objdump -t user/_ls | sed '1,/SYMBOL TABLE/d; s/ .* / /; /^$/d' > user/ls.sym
riscv64-unknown-elf-gcc -Wall -Werror -Wno-unknown-attributes -O -fno-omit-frame-pointer -ggdb -gdwarf-2 -ffile-prefix-map=/work/labs/lab-req-02-xv6-syscall/worktree=. -march=rv64gc -std=gnu99 -MD -mcmodel=medany -ffreestanding -fno-common -nostdlib -fno-builtin-strncpy -fno-builtin-strncmp -fno-builtin-strlen -fno-builtin-memset -fno-builtin-memmove -fno-builtin-memcmp -fno-builtin-log -fno-builtin-bzero -fno-builtin-strchr -fno-builtin-exit -fno-builtin-malloc -fno-builtin-putc -fno-builtin-free -fno-builtin-memcpy -Wno-main -fno-builtin-printf -fno-builtin-fprintf -fno-builtin-vprintf -I. -fno-stack-protector -fno-pie -no-pie   -c -o user/mkdir.o user/mkdir.c
riscv64-unknown-elf-ld -z max-page-size=4096 -T user/user.ld -o user/_mkdir user/mkdir.o user/ulib.o user/usys.o user/printf.o user/umalloc.o
riscv64-unknown-elf-objdump -S user/_mkdir > user/mkdir.asm
riscv64-unknown-elf-objdump -t user/_mkdir | sed '1,/SYMBOL TABLE/d; s/ .* / /; /^$/d' > user/mkdir.sym
riscv64-unknown-elf-gcc -Wall -Werror -Wno-unknown-attributes -O -fno-omit-frame-pointer -ggdb -gdwarf-2 -ffile-prefix-map=/work/labs/lab-req-02-xv6-syscall/worktree=. -march=rv64gc -std=gnu99 -MD -mcmodel=medany -ffreestanding -fno-common -nostdlib -fno-builtin-strncpy -fno-builtin-strncmp -fno-builtin-strlen -fno-builtin-memset -fno-builtin-memmove -fno-builtin-memcmp -fno-builtin-log -fno-builtin-bzero -fno-builtin-strchr -fno-builtin-exit -fno-builtin-malloc -fno-builtin-putc -fno-builtin-free -fno-builtin-memcpy -Wno-main -fno-builtin-printf -fno-builtin-fprintf -fno-builtin-vprintf -I. -fno-stack-protector -fno-pie -no-pie   -c -o user/rm.o user/rm.c
riscv64-unknown-elf-ld -z max-page-size=4096 -T user/user.ld -o user/_rm user/rm.o user/ulib.o user/usys.o user/printf.o user/umalloc.o
riscv64-unknown-elf-objdump -S user/_rm > user/rm.asm
riscv64-unknown-elf-objdump -t user/_rm | sed '1,/SYMBOL TABLE/d; s/ .* / /; /^$/d' > user/rm.sym
riscv64-unknown-elf-gcc -Wall -Werror -Wno-unknown-attributes -O -fno-omit-frame-pointer -ggdb -gdwarf-2 -ffile-prefix-map=/work/labs/lab-req-02-xv6-syscall/worktree=. -march=rv64gc -std=gnu99 -MD -mcmodel=medany -ffreestanding -fno-common -nostdlib -fno-builtin-strncpy -fno-builtin-strncmp -fno-builtin-strlen -fno-builtin-memset -fno-builtin-memmove -fno-builtin-memcmp -fno-builtin-log -fno-builtin-bzero -fno-builtin-strchr -fno-builtin-exit -fno-builtin-malloc -fno-builtin-putc -fno-builtin-free -fno-builtin-memcpy -Wno-main -fno-builtin-printf -fno-builtin-fprintf -fno-builtin-vprintf -I. -fno-stack-protector -fno-pie -no-pie   -c -o user/sh.o user/sh.c
riscv64-unknown-elf-ld -z max-page-size=4096 -T user/user.ld -o user/_sh user/sh.o user/ulib.o user/usys.o user/printf.o user/umalloc.o
riscv64-unknown-elf-objdump -S user/_sh > user/sh.asm
riscv64-unknown-elf-objdump -t user/_sh | sed '1,/SYMBOL TABLE/d; s/ .* / /; /^$/d' > user/sh.sym
riscv64-unknown-elf-gcc -Wall -Werror -Wno-unknown-attributes -O -fno-omit-frame-pointer -ggdb -gdwarf-2 -ffile-prefix-map=/work/labs/lab-req-02-xv6-syscall/worktree=. -march=rv64gc -std=gnu99 -MD -mcmodel=medany -ffreestanding -fno-common -nostdlib -fno-builtin-strncpy -fno-builtin-strncmp -fno-builtin-strlen -fno-builtin-memset -fno-builtin-memmove -fno-builtin-memcmp -fno-builtin-log -fno-builtin-bzero -fno-builtin-strchr -fno-builtin-exit -fno-builtin-malloc -fno-builtin-putc -fno-builtin-free -fno-builtin-memcpy -Wno-main -fno-builtin-printf -fno-builtin-fprintf -fno-builtin-vprintf -I. -fno-stack-protector -fno-pie -no-pie   -c -o user/stressfs.o user/stressfs.c
riscv64-unknown-elf-ld -z max-page-size=4096 -T user/user.ld -o user/_stressfs user/stressfs.o user/ulib.o user/usys.o user/printf.o user/umalloc.o
riscv64-unknown-elf-objdump -S user/_stressfs > user/stressfs.asm
riscv64-unknown-elf-objdump -t user/_stressfs | sed '1,/SYMBOL TABLE/d; s/ .* / /; /^$/d' > user/stressfs.sym
riscv64-unknown-elf-gcc -Wall -Werror -Wno-unknown-attributes -O -fno-omit-frame-pointer -ggdb -gdwarf-2 -ffile-prefix-map=/work/labs/lab-req-02-xv6-syscall/worktree=. -march=rv64gc -std=gnu99 -MD -mcmodel=medany -ffreestanding -fno-common -nostdlib -fno-builtin-strncpy -fno-builtin-strncmp -fno-builtin-strlen -fno-builtin-memset -fno-builtin-memmove -fno-builtin-memcmp -fno-builtin-log -fno-builtin-bzero -fno-builtin-strchr -fno-builtin-exit -fno-builtin-malloc -fno-builtin-putc -fno-builtin-free -fno-builtin-memcpy -Wno-main -fno-builtin-printf -fno-builtin-fprintf -fno-builtin-vprintf -I. -fno-stack-protector -fno-pie -no-pie   -c -o user/usertests.o user/usertests.c
riscv64-unknown-elf-ld -z max-page-size=4096 -T user/user.ld -o user/_usertests user/usertests.o user/ulib.o user/usys.o user/printf.o user/umalloc.o
riscv64-unknown-elf-objdump -S user/_usertests > user/usertests.asm
riscv64-unknown-elf-objdump -t user/_usertests | sed '1,/SYMBOL TABLE/d; s/ .* / /; /^$/d' > user/usertests.sym
riscv64-unknown-elf-gcc -Wall -Werror -Wno-unknown-attributes -O -fno-omit-frame-pointer -ggdb -gdwarf-2 -ffile-prefix-map=/work/labs/lab-req-02-xv6-syscall/worktree=. -march=rv64gc -std=gnu99 -MD -mcmodel=medany -ffreestanding -fno-common -nostdlib -fno-builtin-strncpy -fno-builtin-strncmp -fno-builtin-strlen -fno-builtin-memset -fno-builtin-memmove -fno-builtin-memcmp -fno-builtin-log -fno-builtin-bzero -fno-builtin-strchr -fno-builtin-exit -fno-builtin-malloc -fno-builtin-putc -fno-builtin-free -fno-builtin-memcpy -Wno-main -fno-builtin-printf -fno-builtin-fprintf -fno-builtin-vprintf -I. -fno-stack-protector -fno-pie -no-pie   -c -o user/grind.o user/grind.c
riscv64-unknown-elf-ld -z max-page-size=4096 -T user/user.ld -o user/_grind user/grind.o user/ulib.o user/usys.o user/printf.o user/umalloc.o
riscv64-unknown-elf-objdump -S user/_grind > user/grind.asm
riscv64-unknown-elf-objdump -t user/_grind | sed '1,/SYMBOL TABLE/d; s/ .* / /; /^$/d' > user/grind.sym
riscv64-unknown-elf-gcc -Wall -Werror -Wno-unknown-attributes -O -fno-omit-frame-pointer -ggdb -gdwarf-2 -ffile-prefix-map=/work/labs/lab-req-02-xv6-syscall/worktree=. -march=rv64gc -std=gnu99 -MD -mcmodel=medany -ffreestanding -fno-common -nostdlib -fno-builtin-strncpy -fno-builtin-strncmp -fno-builtin-strlen -fno-builtin-memset -fno-builtin-memmove -fno-builtin-memcmp -fno-builtin-log -fno-builtin-bzero -fno-builtin-strchr -fno-builtin-exit -fno-builtin-malloc -fno-builtin-putc -fno-builtin-free -fno-builtin-memcpy -Wno-main -fno-builtin-printf -fno-builtin-fprintf -fno-builtin-vprintf -I. -fno-stack-protector -fno-pie -no-pie   -c -o user/wc.o user/wc.c
riscv64-unknown-elf-ld -z max-page-size=4096 -T user/user.ld -o user/_wc user/wc.o user/ulib.o user/usys.o user/printf.o user/umalloc.o
riscv64-unknown-elf-objdump -S user/_wc > user/wc.asm
riscv64-unknown-elf-objdump -t user/_wc | sed '1,/SYMBOL TABLE/d; s/ .* / /; /^$/d' > user/wc.sym
riscv64-unknown-elf-gcc -Wall -Werror -Wno-unknown-attributes -O -fno-omit-frame-pointer -ggdb -gdwarf-2 -ffile-prefix-map=/work/labs/lab-req-02-xv6-syscall/worktree=. -march=rv64gc -std=gnu99 -MD -mcmodel=medany -ffreestanding -fno-common -nostdlib -fno-builtin-strncpy -fno-builtin-strncmp -fno-builtin-strlen -fno-builtin-memset -fno-builtin-memmove -fno-builtin-memcmp -fno-builtin-log -fno-builtin-bzero -fno-builtin-strchr -fno-builtin-exit -fno-builtin-malloc -fno-builtin-putc -fno-builtin-free -fno-builtin-memcpy -Wno-main -fno-builtin-printf -fno-builtin-fprintf -fno-builtin-vprintf -I. -fno-stack-protector -fno-pie -no-pie   -c -o user/zombie.o user/zombie.c
riscv64-unknown-elf-ld -z max-page-size=4096 -T user/user.ld -o user/_zombie user/zombie.o user/ulib.o user/usys.o user/printf.o user/umalloc.o
riscv64-unknown-elf-objdump -S user/_zombie > user/zombie.asm
riscv64-unknown-elf-objdump -t user/_zombie | sed '1,/SYMBOL TABLE/d; s/ .* / /; /^$/d' > user/zombie.sym
riscv64-unknown-elf-gcc -Wall -Werror -Wno-unknown-attributes -O -fno-omit-frame-pointer -ggdb -gdwarf-2 -ffile-prefix-map=/work/labs/lab-req-02-xv6-syscall/worktree=. -march=rv64gc -std=gnu99 -MD -mcmodel=medany -ffreestanding -fno-common -nostdlib -fno-builtin-strncpy -fno-builtin-strncmp -fno-builtin-strlen -fno-builtin-memset -fno-builtin-memmove -fno-builtin-memcmp -fno-builtin-log -fno-builtin-bzero -fno-builtin-strchr -fno-builtin-exit -fno-builtin-malloc -fno-builtin-putc -fno-builtin-free -fno-builtin-memcpy -Wno-main -fno-builtin-printf -fno-builtin-fprintf -fno-builtin-vprintf -I. -fno-stack-protector -fno-pie -no-pie   -c -o user/sleep.o user/sleep.c
riscv64-unknown-elf-ld -z max-page-size=4096 -T user/user.ld -o user/_sleep user/sleep.o user/ulib.o user/usys.o user/printf.o user/umalloc.o
riscv64-unknown-elf-objdump -S user/_sleep > user/sleep.asm
riscv64-unknown-elf-objdump -t user/_sleep | sed '1,/SYMBOL TABLE/d; s/ .* / /; /^$/d' > user/sleep.sym
riscv64-unknown-elf-gcc -Wall -Werror -Wno-unknown-attributes -O -fno-omit-frame-pointer -ggdb -gdwarf-2 -ffile-prefix-map=/work/labs/lab-req-02-xv6-syscall/worktree=. -march=rv64gc -std=gnu99 -MD -mcmodel=medany -ffreestanding -fno-common -nostdlib -fno-builtin-strncpy -fno-builtin-strncmp -fno-builtin-strlen -fno-builtin-memset -fno-builtin-memmove -fno-builtin-memcmp -fno-builtin-log -fno-builtin-bzero -fno-builtin-strchr -fno-builtin-exit -fno-builtin-malloc -fno-builtin-putc -fno-builtin-free -fno-builtin-memcpy -Wno-main -fno-builtin-printf -fno-builtin-fprintf -fno-builtin-vprintf -I. -fno-stack-protector -fno-pie -no-pie   -c -o user/logstress.o user/logstress.c
riscv64-unknown-elf-ld -z max-page-size=4096 -T user/user.ld -o user/_logstress user/logstress.o user/ulib.o user/usys.o user/printf.o user/umalloc.o
riscv64-unknown-elf-objdump -S user/_logstress > user/logstress.asm
riscv64-unknown-elf-objdump -t user/_logstress | sed '1,/SYMBOL TABLE/d; s/ .* / /; /^$/d' > user/logstress.sym
riscv64-unknown-elf-gcc -Wall -Werror -Wno-unknown-attributes -O -fno-omit-frame-pointer -ggdb -gdwarf-2 -ffile-prefix-map=/work/labs/lab-req-02-xv6-syscall/worktree=. -march=rv64gc -std=gnu99 -MD -mcmodel=medany -ffreestanding -fno-common -nostdlib -fno-builtin-strncpy -fno-builtin-strncmp -fno-builtin-strlen -fno-builtin-memset -fno-builtin-memmove -fno-builtin-memcmp -fno-builtin-log -fno-builtin-bzero -fno-builtin-strchr -fno-builtin-exit -fno-builtin-malloc -fno-builtin-putc -fno-builtin-free -fno-builtin-memcpy -Wno-main -fno-builtin-printf -fno-builtin-fprintf -fno-builtin-vprintf -I. -fno-stack-protector -fno-pie -no-pie   -c -o user/forphan.o user/forphan.c
riscv64-unknown-elf-ld -z max-page-size=4096 -T user/user.ld -o user/_forphan user/forphan.o user/ulib.o user/usys.o user/printf.o user/umalloc.o
riscv64-unknown-elf-objdump -S user/_forphan > user/forphan.asm
riscv64-unknown-elf-objdump -t user/_forphan | sed '1,/SYMBOL TABLE/d; s/ .* / /; /^$/d' > user/forphan.sym
riscv64-unknown-elf-gcc -Wall -Werror -Wno-unknown-attributes -O -fno-omit-frame-pointer -ggdb -gdwarf-2 -ffile-prefix-map=/work/labs/lab-req-02-xv6-syscall/worktree=. -march=rv64gc -std=gnu99 -MD -mcmodel=medany -ffreestanding -fno-common -nostdlib -fno-builtin-strncpy -fno-builtin-strncmp -fno-builtin-strlen -fno-builtin-memset -fno-builtin-memmove -fno-builtin-memcmp -fno-builtin-log -fno-builtin-bzero -fno-builtin-strchr -fno-builtin-exit -fno-builtin-malloc -fno-builtin-putc -fno-builtin-free -fno-builtin-memcpy -Wno-main -fno-builtin-printf -fno-builtin-fprintf -fno-builtin-vprintf -I. -fno-stack-protector -fno-pie -no-pie   -c -o user/dorphan.o user/dorphan.c
riscv64-unknown-elf-ld -z max-page-size=4096 -T user/user.ld -o user/_dorphan user/dorphan.o user/ulib.o user/usys.o user/printf.o user/umalloc.o
riscv64-unknown-elf-objdump -S user/_dorphan > user/dorphan.asm
riscv64-unknown-elf-objdump -t user/_dorphan | sed '1,/SYMBOL TABLE/d; s/ .* / /; /^$/d' > user/dorphan.sym
riscv64-unknown-elf-gcc -Wall -Werror -Wno-unknown-attributes -O -fno-omit-frame-pointer -ggdb -gdwarf-2 -ffile-prefix-map=/work/labs/lab-req-02-xv6-syscall/worktree=. -march=rv64gc -std=gnu99 -MD -mcmodel=medany -ffreestanding -fno-common -nostdlib -fno-builtin-strncpy -fno-builtin-strncmp -fno-builtin-strlen -fno-builtin-memset -fno-builtin-memmove -fno-builtin-memcmp -fno-builtin-log -fno-builtin-bzero -fno-builtin-strchr -fno-builtin-exit -fno-builtin-malloc -fno-builtin-putc -fno-builtin-free -fno-builtin-memcpy -Wno-main -fno-builtin-printf -fno-builtin-fprintf -fno-builtin-vprintf -I. -fno-stack-protector -fno-pie -no-pie   -c -o user/sync.o user/sync.c
riscv64-unknown-elf-ld -z max-page-size=4096 -T user/user.ld -o user/_sync user/sync.o user/ulib.o user/usys.o user/printf.o user/umalloc.o
riscv64-unknown-elf-objdump -S user/_sync > user/sync.asm
riscv64-unknown-elf-objdump -t user/_sync | sed '1,/SYMBOL TABLE/d; s/ .* / /; /^$/d' > user/sync.sym
mkfs/mkfs fs.img README user/_cat user/_echo user/_forktest user/_grep user/_init user/_kill user/_ln user/_ls user/_mkdir user/_rm user/_sh user/_stressfs user/_usertests user/_grind user/_wc user/_zombie user/_sleep user/_logstress user/_forphan user/_dorphan user/_sync 
nmeta 47 (boot, super, log blocks 31, inode blocks 13, bitmap blocks 1) blocks 1953 total 2000
balloc: first 1006 blocks have been allocated
balloc: write bitmap block at sector 46
riscv64-unknown-elf-gcc -march=rv64gc -g -ffile-prefix-map=/work/labs/lab-req-02-xv6-syscall/worktree=. -c -o kernel/entry.o kernel/entry.S
riscv64-unknown-elf-gcc -Wall -Werror -Wno-unknown-attributes -O -fno-omit-frame-pointer -ggdb -gdwarf-2 -ffile-prefix-map=/work/labs/lab-req-02-xv6-syscall/worktree=. -march=rv64gc -std=gnu99 -MD -mcmodel=medany -ffreestanding -fno-common -nostdlib -fno-builtin-strncpy -fno-builtin-strncmp -fno-builtin-strlen -fno-builtin-memset -fno-builtin-memmove -fno-builtin-memcmp -fno-builtin-log -fno-builtin-bzero -fno-builtin-strchr -fno-builtin-exit -fno-builtin-malloc -fno-builtin-putc -fno-builtin-free -fno-builtin-memcpy -Wno-main -fno-builtin-printf -fno-builtin-fprintf -fno-builtin-vprintf -I. -fno-stack-protector -fno-pie -no-pie   -c -o kernel/start.o kernel/start.c
riscv64-unknown-elf-gcc -Wall -Werror -Wno-unknown-attributes -O -fno-omit-frame-pointer -ggdb -gdwarf-2 -ffile-prefix-map=/work/labs/lab-req-02-xv6-syscall/worktree=. -march=rv64gc -std=gnu99 -MD -mcmodel=medany -ffreestanding -fno-common -nostdlib -fno-builtin-strncpy -fno-builtin-strncmp -fno-builtin-strlen -fno-builtin-memset -fno-builtin-memmove -fno-builtin-memcmp -fno-builtin-log -fno-builtin-bzero -fno-builtin-strchr -fno-builtin-exit -fno-builtin-malloc -fno-builtin-putc -fno-builtin-free -fno-builtin-memcpy -Wno-main -fno-builtin-printf -fno-builtin-fprintf -fno-builtin-vprintf -I. -fno-stack-protector -fno-pie -no-pie   -c -o kernel/console.o kernel/console.c
riscv64-unknown-elf-gcc -Wall -Werror -Wno-unknown-attributes -O -fno-omit-frame-pointer -ggdb -gdwarf-2 -ffile-prefix-map=/work/labs/lab-req-02-xv6-syscall/worktree=. -march=rv64gc -std=gnu99 -MD -mcmodel=medany -ffreestanding -fno-common -nostdlib -fno-builtin-strncpy -fno-builtin-strncmp -fno-builtin-strlen -fno-builtin-memset -fno-builtin-memmove -fno-builtin-memcmp -fno-builtin-log -fno-builtin-bzero -fno-builtin-strchr -fno-builtin-exit -fno-builtin-malloc -fno-builtin-putc -fno-builtin-free -fno-builtin-memcpy -Wno-main -fno-builtin-printf -fno-builtin-fprintf -fno-builtin-vprintf -I. -fno-stack-protector -fno-pie -no-pie   -c -o kernel/printk.o kernel/printk.c
riscv64-unknown-elf-gcc -Wall -Werror -Wno-unknown-attributes -O -fno-omit-frame-pointer -ggdb -gdwarf-2 -ffile-prefix-map=/work/labs/lab-req-02-xv6-syscall/worktree=. -march=rv64gc -std=gnu99 -MD -mcmodel=medany -ffreestanding -fno-common -nostdlib -fno-builtin-strncpy -fno-builtin-strncmp -fno-builtin-strlen -fno-builtin-memset -fno-builtin-memmove -fno-builtin-memcmp -fno-builtin-log -fno-builtin-bzero -fno-builtin-strchr -fno-builtin-exit -fno-builtin-malloc -fno-builtin-putc -fno-builtin-free -fno-builtin-memcpy -Wno-main -fno-builtin-printf -fno-builtin-fprintf -fno-builtin-vprintf -I. -fno-stack-protector -fno-pie -no-pie   -c -o kernel/uart.o kernel/uart.c
riscv64-unknown-elf-gcc -Wall -Werror -Wno-unknown-attributes -O -fno-omit-frame-pointer -ggdb -gdwarf-2 -ffile-prefix-map=/work/labs/lab-req-02-xv6-syscall/worktree=. -march=rv64gc -std=gnu99 -MD -mcmodel=medany -ffreestanding -fno-common -nostdlib -fno-builtin-strncpy -fno-builtin-strncmp -fno-builtin-strlen -fno-builtin-memset -fno-builtin-memmove -fno-builtin-memcmp -fno-builtin-log -fno-builtin-bzero -fno-builtin-strchr -fno-builtin-exit -fno-builtin-malloc -fno-builtin-putc -fno-builtin-free -fno-builtin-memcpy -Wno-main -fno-builtin-printf -fno-builtin-fprintf -fno-builtin-vprintf -I. -fno-stack-protector -fno-pie -no-pie   -c -o kernel/kalloc.o kernel/kalloc.c
riscv64-unknown-elf-gcc -Wall -Werror -Wno-unknown-attributes -O -fno-omit-frame-pointer -ggdb -gdwarf-2 -ffile-prefix-map=/work/labs/lab-req-02-xv6-syscall/worktree=. -march=rv64gc -std=gnu99 -MD -mcmodel=medany -ffreestanding -fno-common -nostdlib -fno-builtin-strncpy -fno-builtin-strncmp -fno-builtin-strlen -fno-builtin-memset -fno-builtin-memmove -fno-builtin-memcmp -fno-builtin-log -fno-builtin-bzero -fno-builtin-strchr -fno-builtin-exit -fno-builtin-malloc -fno-builtin-putc -fno-builtin-free -fno-builtin-memcpy -Wno-main -fno-builtin-printf -fno-builtin-fprintf -fno-builtin-vprintf -I. -fno-stack-protector -fno-pie -no-pie   -c -o kernel/spinlock.o kernel/spinlock.c
riscv64-unknown-elf-gcc -Wall -Werror -Wno-unknown-attributes -O -fno-omit-frame-pointer -ggdb -gdwarf-2 -ffile-prefix-map=/work/labs/lab-req-02-xv6-syscall/worktree=. -march=rv64gc -std=gnu99 -MD -mcmodel=medany -ffreestanding -fno-common -nostdlib -fno-builtin-strncpy -fno-builtin-strncmp -fno-builtin-strlen -fno-builtin-memset -fno-builtin-memmove -fno-builtin-memcmp -fno-builtin-log -fno-builtin-bzero -fno-builtin-strchr -fno-builtin-exit -fno-builtin-malloc -fno-builtin-putc -fno-builtin-free -fno-builtin-memcpy -Wno-main -fno-builtin-printf -fno-builtin-fprintf -fno-builtin-vprintf -I. -fno-stack-protector -fno-pie -no-pie   -c -o kernel/string.o kernel/string.c
riscv64-unknown-elf-gcc -Wall -Werror -Wno-unknown-attributes -O -fno-omit-frame-pointer -ggdb -gdwarf-2 -ffile-prefix-map=/work/labs/lab-req-02-xv6-syscall/worktree=. -march=rv64gc -std=gnu99 -MD -mcmodel=medany -ffreestanding -fno-common -nostdlib -fno-builtin-strncpy -fno-builtin-strncmp -fno-builtin-strlen -fno-builtin-memset -fno-builtin-memmove -fno-builtin-memcmp -fno-builtin-log -fno-builtin-bzero -fno-builtin-strchr -fno-builtin-exit -fno-builtin-malloc -fno-builtin-putc -fno-builtin-free -fno-builtin-memcpy -Wno-main -fno-builtin-printf -fno-builtin-fprintf -fno-builtin-vprintf -I. -fno-stack-protector -fno-pie -no-pie   -c -o kernel/main.o kernel/main.c
riscv64-unknown-elf-gcc -Wall -Werror -Wno-unknown-attributes -O -fno-omit-frame-pointer -ggdb -gdwarf-2 -ffile-prefix-map=/work/labs/lab-req-02-xv6-syscall/worktree=. -march=rv64gc -std=gnu99 -MD -mcmodel=medany -ffreestanding -fno-common -nostdlib -fno-builtin-strncpy -fno-builtin-strncmp -fno-builtin-strlen -fno-builtin-memset -fno-builtin-memmove -fno-builtin-memcmp -fno-builtin-log -fno-builtin-bzero -fno-builtin-strchr -fno-builtin-exit -fno-builtin-malloc -fno-builtin-putc -fno-builtin-free -fno-builtin-memcpy -Wno-main -fno-builtin-printf -fno-builtin-fprintf -fno-builtin-vprintf -I. -fno-stack-protector -fno-pie -no-pie   -c -o kernel/vm.o kernel/vm.c
riscv64-unknown-elf-gcc -Wall -Werror -Wno-unknown-attributes -O -fno-omit-frame-pointer -ggdb -gdwarf-2 -ffile-prefix-map=/work/labs/lab-req-02-xv6-syscall/worktree=. -march=rv64gc -std=gnu99 -MD -mcmodel=medany -ffreestanding -fno-common -nostdlib -fno-builtin-strncpy -fno-builtin-strncmp -fno-builtin-strlen -fno-builtin-memset -fno-builtin-memmove -fno-builtin-memcmp -fno-builtin-log -fno-builtin-bzero -fno-builtin-strchr -fno-builtin-exit -fno-builtin-malloc -fno-builtin-putc -fno-builtin-free -fno-builtin-memcpy -Wno-main -fno-builtin-printf -fno-builtin-fprintf -fno-builtin-vprintf -I. -fno-stack-protector -fno-pie -no-pie   -c -o kernel/proc.o kernel/proc.c
riscv64-unknown-elf-gcc -march=rv64gc -g -ffile-prefix-map=/work/labs/lab-req-02-xv6-syscall/worktree=. -c -o kernel/swtch.o kernel/swtch.S
riscv64-unknown-elf-gcc -march=rv64gc -g -ffile-prefix-map=/work/labs/lab-req-02-xv6-syscall/worktree=. -c -o kernel/trampoline.o kernel/trampoline.S
riscv64-unknown-elf-gcc -Wall -Werror -Wno-unknown-attributes -O -fno-omit-frame-pointer -ggdb -gdwarf-2 -ffile-prefix-map=/work/labs/lab-req-02-xv6-syscall/worktree=. -march=rv64gc -std=gnu99 -MD -mcmodel=medany -ffreestanding -fno-common -nostdlib -fno-builtin-strncpy -fno-builtin-strncmp -fno-builtin-strlen -fno-builtin-memset -fno-builtin-memmove -fno-builtin-memcmp -fno-builtin-log -fno-builtin-bzero -fno-builtin-strchr -fno-builtin-exit -fno-builtin-malloc -fno-builtin-putc -fno-builtin-free -fno-builtin-memcpy -Wno-main -fno-builtin-printf -fno-builtin-fprintf -fno-builtin-vprintf -I. -fno-stack-protector -fno-pie -no-pie   -c -o kernel/trap.o kernel/trap.c
riscv64-unknown-elf-gcc -Wall -Werror -Wno-unknown-attributes -O -fno-omit-frame-pointer -ggdb -gdwarf-2 -ffile-prefix-map=/work/labs/lab-req-02-xv6-syscall/worktree=. -march=rv64gc -std=gnu99 -MD -mcmodel=medany -ffreestanding -fno-common -nostdlib -fno-builtin-strncpy -fno-builtin-strncmp -fno-builtin-strlen -fno-builtin-memset -fno-builtin-memmove -fno-builtin-memcmp -fno-builtin-log -fno-builtin-bzero -fno-builtin-strchr -fno-builtin-exit -fno-builtin-malloc -fno-builtin-putc -fno-builtin-free -fno-builtin-memcpy -Wno-main -fno-builtin-printf -fno-builtin-fprintf -fno-builtin-vprintf -I. -fno-stack-protector -fno-pie -no-pie   -c -o kernel/syscall.o kernel/syscall.c
riscv64-unknown-elf-gcc -Wall -Werror -Wno-unknown-attributes -O -fno-omit-frame-pointer -ggdb -gdwarf-2 -ffile-prefix-map=/work/labs/lab-req-02-xv6-syscall/worktree=. -march=rv64gc -std=gnu99 -MD -mcmodel=medany -ffreestanding -fno-common -nostdlib -fno-builtin-strncpy -fno-builtin-strncmp -fno-builtin-strlen -fno-builtin-memset -fno-builtin-memmove -fno-builtin-memcmp -fno-builtin-log -fno-builtin-bzero -fno-builtin-strchr -fno-builtin-exit -fno-builtin-malloc -fno-builtin-putc -fno-builtin-free -fno-builtin-memcpy -Wno-main -fno-builtin-printf -fno-builtin-fprintf -fno-builtin-vprintf -I. -fno-stack-protector -fno-pie -no-pie   -c -o kernel/sysproc.o kernel/sysproc.c
riscv64-unknown-elf-gcc -Wall -Werror -Wno-unknown-attributes -O -fno-omit-frame-pointer -ggdb -gdwarf-2 -ffile-prefix-map=/work/labs/lab-req-02-xv6-syscall/worktree=. -march=rv64gc -std=gnu99 -MD -mcmodel=medany -ffreestanding -fno-common -nostdlib -fno-builtin-strncpy -fno-builtin-strncmp -fno-builtin-strlen -fno-builtin-memset -fno-builtin-memmove -fno-builtin-memcmp -fno-builtin-log -fno-builtin-bzero -fno-builtin-strchr -fno-builtin-exit -fno-builtin-malloc -fno-builtin-putc -fno-builtin-free -fno-builtin-memcpy -Wno-main -fno-builtin-printf -fno-builtin-fprintf -fno-builtin-vprintf -I. -fno-stack-protector -fno-pie -no-pie   -c -o kernel/bio.o kernel/bio.c
riscv64-unknown-elf-gcc -Wall -Werror -Wno-unknown-attributes -O -fno-omit-frame-pointer -ggdb -gdwarf-2 -ffile-prefix-map=/work/labs/lab-req-02-xv6-syscall/worktree=. -march=rv64gc -std=gnu99 -MD -mcmodel=medany -ffreestanding -fno-common -nostdlib -fno-builtin-strncpy -fno-builtin-strncmp -fno-builtin-strlen -fno-builtin-memset -fno-builtin-memmove -fno-builtin-memcmp -fno-builtin-log -fno-builtin-bzero -fno-builtin-strchr -fno-builtin-exit -fno-builtin-malloc -fno-builtin-putc -fno-builtin-free -fno-builtin-memcpy -Wno-main -fno-builtin-printf -fno-builtin-fprintf -fno-builtin-vprintf -I. -fno-stack-protector -fno-pie -no-pie   -c -o kernel/fs.o kernel/fs.c
riscv64-unknown-elf-gcc -Wall -Werror -Wno-unknown-attributes -O -fno-omit-frame-pointer -ggdb -gdwarf-2 -ffile-prefix-map=/work/labs/lab-req-02-xv6-syscall/worktree=. -march=rv64gc -std=gnu99 -MD -mcmodel=medany -ffreestanding -fno-common -nostdlib -fno-builtin-strncpy -fno-builtin-strncmp -fno-builtin-strlen -fno-builtin-memset -fno-builtin-memmove -fno-builtin-memcmp -fno-builtin-log -fno-builtin-bzero -fno-builtin-strchr -fno-builtin-exit -fno-builtin-malloc -fno-builtin-putc -fno-builtin-free -fno-builtin-memcpy -Wno-main -fno-builtin-printf -fno-builtin-fprintf -fno-builtin-vprintf -I. -fno-stack-protector -fno-pie -no-pie   -c -o kernel/log.o kernel/log.c
riscv64-unknown-elf-gcc -Wall -Werror -Wno-unknown-attributes -O -fno-omit-frame-pointer -ggdb -gdwarf-2 -ffile-prefix-map=/work/labs/lab-req-02-xv6-syscall/worktree=. -march=rv64gc -std=gnu99 -MD -mcmodel=medany -ffreestanding -fno-common -nostdlib -fno-builtin-strncpy -fno-builtin-strncmp -fno-builtin-strlen -fno-builtin-memset -fno-builtin-memmove -fno-builtin-memcmp -fno-builtin-log -fno-builtin-bzero -fno-builtin-strchr -fno-builtin-exit -fno-builtin-malloc -fno-builtin-putc -fno-builtin-free -fno-builtin-memcpy -Wno-main -fno-builtin-printf -fno-builtin-fprintf -fno-builtin-vprintf -I. -fno-stack-protector -fno-pie -no-pie   -c -o kernel/sleeplock.o kernel/sleeplock.c
riscv64-unknown-elf-gcc -Wall -Werror -Wno-unknown-attributes -O -fno-omit-frame-pointer -ggdb -gdwarf-2 -ffile-prefix-map=/work/labs/lab-req-02-xv6-syscall/worktree=. -march=rv64gc -std=gnu99 -MD -mcmodel=medany -ffreestanding -fno-common -nostdlib -fno-builtin-strncpy -fno-builtin-strncmp -fno-builtin-strlen -fno-builtin-memset -fno-builtin-memmove -fno-builtin-memcmp -fno-builtin-log -fno-builtin-bzero -fno-builtin-strchr -fno-builtin-exit -fno-builtin-malloc -fno-builtin-putc -fno-builtin-free -fno-builtin-memcpy -Wno-main -fno-builtin-printf -fno-builtin-fprintf -fno-builtin-vprintf -I. -fno-stack-protector -fno-pie -no-pie   -c -o kernel/file.o kernel/file.c
riscv64-unknown-elf-gcc -Wall -Werror -Wno-unknown-attributes -O -fno-omit-frame-pointer -ggdb -gdwarf-2 -ffile-prefix-map=/work/labs/lab-req-02-xv6-syscall/worktree=. -march=rv64gc -std=gnu99 -MD -mcmodel=medany -ffreestanding -fno-common -nostdlib -fno-builtin-strncpy -fno-builtin-strncmp -fno-builtin-strlen -fno-builtin-memset -fno-builtin-memmove -fno-builtin-memcmp -fno-builtin-log -fno-builtin-bzero -fno-builtin-strchr -fno-builtin-exit -fno-builtin-malloc -fno-builtin-putc -fno-builtin-free -fno-builtin-memcpy -Wno-main -fno-builtin-printf -fno-builtin-fprintf -fno-builtin-vprintf -I. -fno-stack-protector -fno-pie -no-pie   -c -o kernel/pipe.o kernel/pipe.c
riscv64-unknown-elf-gcc -Wall -Werror -Wno-unknown-attributes -O -fno-omit-frame-pointer -ggdb -gdwarf-2 -ffile-prefix-map=/work/labs/lab-req-02-xv6-syscall/worktree=. -march=rv64gc -std=gnu99 -MD -mcmodel=medany -ffreestanding -fno-common -nostdlib -fno-builtin-strncpy -fno-builtin-strncmp -fno-builtin-strlen -fno-builtin-memset -fno-builtin-memmove -fno-builtin-memcmp -fno-builtin-log -fno-builtin-bzero -fno-builtin-strchr -fno-builtin-exit -fno-builtin-malloc -fno-builtin-putc -fno-builtin-free -fno-builtin-memcpy -Wno-main -fno-builtin-printf -fno-builtin-fprintf -fno-builtin-vprintf -I. -fno-stack-protector -fno-pie -no-pie   -c -o kernel/exec.o kernel/exec.c
riscv64-unknown-elf-gcc -Wall -Werror -Wno-unknown-attributes -O -fno-omit-frame-pointer -ggdb -gdwarf-2 -ffile-prefix-map=/work/labs/lab-req-02-xv6-syscall/worktree=. -march=rv64gc -std=gnu99 -MD -mcmodel=medany -ffreestanding -fno-common -nostdlib -fno-builtin-strncpy -fno-builtin-strncmp -fno-builtin-strlen -fno-builtin-memset -fno-builtin-memmove -fno-builtin-memcmp -fno-builtin-log -fno-builtin-bzero -fno-builtin-strchr -fno-builtin-exit -fno-builtin-malloc -fno-builtin-putc -fno-builtin-free -fno-builtin-memcpy -Wno-main -fno-builtin-printf -fno-builtin-fprintf -fno-builtin-vprintf -I. -fno-stack-protector -fno-pie -no-pie   -c -o kernel/sysfile.o kernel/sysfile.c
riscv64-unknown-elf-gcc -march=rv64gc -g -ffile-prefix-map=/work/labs/lab-req-02-xv6-syscall/worktree=. -c -o kernel/kernelvec.o kernel/kernelvec.S
riscv64-unknown-elf-gcc -Wall -Werror -Wno-unknown-attributes -O -fno-omit-frame-pointer -ggdb -gdwarf-2 -ffile-prefix-map=/work/labs/lab-req-02-xv6-syscall/worktree=. -march=rv64gc -std=gnu99 -MD -mcmodel=medany -ffreestanding -fno-common -nostdlib -fno-builtin-strncpy -fno-builtin-strncmp -fno-builtin-strlen -fno-builtin-memset -fno-builtin-memmove -fno-builtin-memcmp -fno-builtin-log -fno-builtin-bzero -fno-builtin-strchr -fno-builtin-exit -fno-builtin-malloc -fno-builtin-putc -fno-builtin-free -fno-builtin-memcpy -Wno-main -fno-builtin-printf -fno-builtin-fprintf -fno-builtin-vprintf -I. -fno-stack-protector -fno-pie -no-pie   -c -o kernel/plic.o kernel/plic.c
riscv64-unknown-elf-gcc -Wall -Werror -Wno-unknown-attributes -O -fno-omit-frame-pointer -ggdb -gdwarf-2 -ffile-prefix-map=/work/labs/lab-req-02-xv6-syscall/worktree=. -march=rv64gc -std=gnu99 -MD -mcmodel=medany -ffreestanding -fno-common -nostdlib -fno-builtin-strncpy -fno-builtin-strncmp -fno-builtin-strlen -fno-builtin-memset -fno-builtin-memmove -fno-builtin-memcmp -fno-builtin-log -fno-builtin-bzero -fno-builtin-strchr -fno-builtin-exit -fno-builtin-malloc -fno-builtin-putc -fno-builtin-free -fno-builtin-memcpy -Wno-main -fno-builtin-printf -fno-builtin-fprintf -fno-builtin-vprintf -I. -fno-stack-protector -fno-pie -no-pie   -c -o kernel/virtio_disk.o kernel/virtio_disk.c
riscv64-unknown-elf-ld -z max-page-size=4096 -T kernel/kernel.ld -o kernel/kernel kernel/entry.o kernel/start.o kernel/console.o kernel/printk.o kernel/uart.o kernel/kalloc.o kernel/spinlock.o kernel/string.o kernel/main.o kernel/vm.o kernel/proc.o kernel/swtch.o kernel/trampoline.o kernel/trap.o kernel/syscall.o kernel/sysproc.o kernel/bio.o kernel/fs.o kernel/log.o kernel/sleeplock.o kernel/file.o kernel/pipe.o kernel/exec.o kernel/sysfile.o kernel/kernelvec.o kernel/plic.o kernel/virtio_disk.o 
riscv64-unknown-elf-ld: warning: kernel/kernel has a LOAD segment with RWX permissions
riscv64-unknown-elf-objdump -S kernel/kernel > kernel/kernel.asm
riscv64-unknown-elf-objdump -t kernel/kernel | sed '1,/SYMBOL TABLE/d; s/ .* / /; /^$/d' > kernel/kernel.sym
[+] Step 2: Verify disassembly relations...
[+] Disassembly relation verified: main -> pause stub -> ecall.
[+] Step 3: Marker predicate self-check (echo-only must not PASS)...
MARKER_SELF_CHECK: PASS
Echoed command text alone cannot satisfy the execution-marker predicate.
[+] Step 4: Run bounded, prompt-paced QEMU shell test...
qemu-system-riscv64 -machine virt -bios none -kernel kernel/kernel -m 128M -smp 3 -nographic -global virtio-mmio.force-legacy=false -drive file=fs.img,if=none,format=raw,id=x0 -device virtio-blk-device,drive=x0,bus=virtio-mmio-bus.0

xv6 kernel is booting

hart 1 starting
hart 2 starting
init: starting sh
$ sleep
Usage: sleep ticks
$ sleep 10
$ echo LAB_REQ_02_OK
LAB_REQ_02_OK
$ 
QEMU_SMOKE_STATUS: PASS
USAGE_OUTPUT_OBSERVED: YES
SLEEP10_RETURNED: YES
EXECUTION_MARKER_OBSERVED: YES
QEMU_REAPED: TRUE
PID_MARKER_CLEAN: YES
=== LAB-REQ-02 Smoke Test PASS ===
REQ02_SMOKE_EVIDENCE: FAIL-CLOSED POSTCONDITION PASS
